[     580ms] [WARNING] The AudioContext was not allowed to start. It must be resumed (or created) after a user gesture on the page. https://developer.chrome.com/blog/autoplay/#web_audio @ http://localhost:4173/assets/index-B01m7ZWm.js:3836
[     580ms] [WARNING] The AudioContext was not allowed to start. It must be resumed (or created) after a user gesture on the page. https://developer.chrome.com/blog/autoplay/#web_audio @ http://localhost:4173/assets/index-B01m7ZWm.js:3836
[     580ms] [WARNING] The AudioContext was not allowed to start. It must be resumed (or created) after a user gesture on the page. https://developer.chrome.com/blog/autoplay/#web_audio @ http://localhost:4173/assets/index-B01m7ZWm.js:3836
[     582ms] [WARNING] The AudioContext was not allowed to start. It must be resumed (or created) after a user gesture on the page. https://developer.chrome.com/blog/autoplay/#web_audio @ http://localhost:4173/assets/index-B01m7ZWm.js:3836
[     582ms] [WARNING] The AudioContext was not allowed to start. It must be resumed (or created) after a user gesture on the page. https://developer.chrome.com/blog/autoplay/#web_audio @ http://localhost:4173/assets/index-B01m7ZWm.js:3836
[     582ms] [WARNING] The AudioContext was not allowed to start. It must be resumed (or created) after a user gesture on the page. https://developer.chrome.com/blog/autoplay/#web_audio @ http://localhost:4173/assets/index-B01m7ZWm.js:3836
[     582ms] [WARNING] The AudioContext was not allowed to start. It must be resumed (or created) after a user gesture on the page. https://developer.chrome.com/blog/autoplay/#web_audio @ http://localhost:4173/assets/index-B01m7ZWm.js:3836
[     904ms] [ERROR] Failed to load resource: the server responded with a status of 404 (Not Found) @ http://localhost:4173/favicon.ico:0
[   40789ms] The root document of this element is not valid for pointer lock.
[   41071ms] [ERROR] Failed to load resource: the server responded with a status of 404 (Not Found) @ http://localhost:4173/favicon.ico:0
[   86037ms] The root document of this element is not valid for pointer lock.
[ 1379627ms] [WARNING] The AudioContext was not allowed to start. It must be resumed (or created) after a user gesture on the page. https://developer.chrome.com/blog/autoplay/#web_audio @ http://localhost:4173/assets/index-D30kjpkd.js:3836
[ 1379627ms] [WARNING] The AudioContext was not allowed to start. It must be resumed (or created) after a user gesture on the page. https://developer.chrome.com/blog/autoplay/#web_audio @ http://localhost:4173/assets/index-D30kjpkd.js:3836
[ 1379628ms] [WARNING] The AudioContext was not allowed to start. It must be resumed (or created) after a user gesture on the page. https://developer.chrome.com/blog/autoplay/#web_audio @ http://localhost:4173/assets/index-D30kjpkd.js:3836
[ 1379629ms] [WARNING] The AudioContext was not allowed to start. It must be resumed (or created) after a user gesture on the page. https://developer.chrome.com/blog/autoplay/#web_audio @ http://localhost:4173/assets/index-D30kjpkd.js:3836
[ 1379629ms] [WARNING] The AudioContext was not allowed to start. It must be resumed (or created) after a user gesture on the page. https://developer.chrome.com/blog/autoplay/#web_audio @ http://localhost:4173/assets/index-D30kjpkd.js:3836
[ 1379629ms] [WARNING] The AudioContext was not allowed to start. It must be resumed (or created) after a user gesture on the page. https://developer.chrome.com/blog/autoplay/#web_audio @ http://localhost:4173/assets/index-D30kjpkd.js:3836
[ 1379629ms] [WARNING] The AudioContext was not allowed to start. It must be resumed (or created) after a user gesture on the page. https://developer.chrome.com/blog/autoplay/#web_audio @ http://localhost:4173/assets/index-D30kjpkd.js:3836
[ 1382248ms] The root document of this element is not valid for pointer lock.
[ 1713516ms] [WARNING] The AudioContext was not allowed to start. It must be resumed (or created) after a user gesture on the page. https://developer.chrome.com/blog/autoplay/#web_audio @ http://localhost:4173/assets/index-D30kjpkd.js:3836
[ 1713517ms] [WARNING] The AudioContext was not allowed to start. It must be resumed (or created) after a user gesture on the page. https://developer.chrome.com/blog/autoplay/#web_audio @ http://localhost:4173/assets/index-D30kjpkd.js:3836
[ 1713517ms] [WARNING] The AudioContext was not allowed to start. It must be resumed (or created) after a user gesture on the page. https://developer.chrome.com/blog/autoplay/#web_audio @ http://localhost:4173/assets/index-D30kjpkd.js:3836
[ 1713518ms] [WARNING] The AudioContext was not allowed to start. It must be resumed (or created) after a user gesture on the page. https://developer.chrome.com/blog/autoplay/#web_audio @ http://localhost:4173/assets/index-D30kjpkd.js:3836
[ 1713518ms] [WARNING] The AudioContext was not allowed to start. It must be resumed (or created) after a user gesture on the page. https://developer.chrome.com/blog/autoplay/#web_audio @ http://localhost:4173/assets/index-D30kjpkd.js:3836
[ 1713518ms] [WARNING] The AudioContext was not allowed to start. It must be resumed (or created) after a user gesture on the page. https://developer.chrome.com/blog/autoplay/#web_audio @ http://localhost:4173/assets/index-D30kjpkd.js:3836
[ 1713518ms] [WARNING] The AudioContext was not allowed to start. It must be resumed (or created) after a user gesture on the page. https://developer.chrome.com/blog/autoplay/#web_audio @ http://localhost:4173/assets/index-D30kjpkd.js:3836
[ 1715058ms] The root document of this element is not valid for pointer lock.
[ 1715692ms] ReferenceError: THREE_V3 is not defined
    at eval (eval at evaluate (:311:30), <anonymous>:7:46)
[ 1737291ms] [WARNING] The AudioContext was not allowed to start. It must be resumed (or created) after a user gesture on the page. https://developer.chrome.com/blog/autoplay/#web_audio @ http://localhost:4173/assets/index-D30kjpkd.js:3836
[ 1737291ms] [WARNING] The AudioContext was not allowed to start. It must be resumed (or created) after a user gesture on the page. https://developer.chrome.com/blog/autoplay/#web_audio @ http://localhost:4173/assets/index-D30kjpkd.js:3836
[ 1737291ms] [WARNING] The AudioContext was not allowed to start. It must be resumed (or created) after a user gesture on the page. https://developer.chrome.com/blog/autoplay/#web_audio @ http://localhost:4173/assets/index-D30kjpkd.js:3836
[ 1737293ms] [WARNING] The AudioContext was not allowed to start. It must be resumed (or created) after a user gesture on the page. https://developer.chrome.com/blog/autoplay/#web_audio @ http://localhost:4173/assets/index-D30kjpkd.js:3836
[ 1737293ms] [WARNING] The AudioContext was not allowed to start. It must be resumed (or created) after a user gesture on the page. https://developer.chrome.com/blog/autoplay/#web_audio @ http://localhost:4173/assets/index-D30kjpkd.js:3836
[ 1737293ms] [WARNING] The AudioContext was not allowed to start. It must be resumed (or created) after a user gesture on the page. https://developer.chrome.com/blog/autoplay/#web_audio @ http://localhost:4173/assets/index-D30kjpkd.js:3836
[ 1737293ms] [WARNING] The AudioContext was not allowed to start. It must be resumed (or created) after a user gesture on the page. https://developer.chrome.com/blog/autoplay/#web_audio @ http://localhost:4173/assets/index-D30kjpkd.js:3836
[ 1738794ms] The root document of this element is not valid for pointer lock.
[ 1795425ms] [WARNING] [props] unknown pickup type "oil" @ http://localhost:4173/assets/index-D30kjpkd.js:3836
[ 1795425ms] [WARNING] [props] unknown pickup type "oil" @ http://localhost:4173/assets/index-D30kjpkd.js:3836
[ 2090734ms] [WARNING] The AudioContext was not allowed to start. It must be resumed (or created) after a user gesture on the page. https://developer.chrome.com/blog/autoplay/#web_audio @ http://localhost:4173/assets/index-CVmyMahP.js:3836
[ 2090734ms] [WARNING] The AudioContext was not allowed to start. It must be resumed (or created) after a user gesture on the page. https://developer.chrome.com/blog/autoplay/#web_audio @ http://localhost:4173/assets/index-CVmyMahP.js:3836
[ 2090734ms] [WARNING] The AudioContext was not allowed to start. It must be resumed (or created) after a user gesture on the page. https://developer.chrome.com/blog/autoplay/#web_audio @ http://localhost:4173/assets/index-CVmyMahP.js:3836
[ 2090735ms] [WARNING] The AudioContext was not allowed to start. It must be resumed (or created) after a user gesture on the page. https://developer.chrome.com/blog/autoplay/#web_audio @ http://localhost:4173/assets/index-CVmyMahP.js:3836
[ 2090735ms] [WARNING] The AudioContext was not allowed to start. It must be resumed (or created) after a user gesture on the page. https://developer.chrome.com/blog/autoplay/#web_audio @ http://localhost:4173/assets/index-CVmyMahP.js:3836
[ 2090736ms] [WARNING] The AudioContext was not allowed to start. It must be resumed (or created) after a user gesture on the page. https://developer.chrome.com/blog/autoplay/#web_audio @ http://localhost:4173/assets/index-CVmyMahP.js:3836
[ 2090736ms] [WARNING] The AudioContext was not allowed to start. It must be resumed (or created) after a user gesture on the page. https://developer.chrome.com/blog/autoplay/#web_audio @ http://localhost:4173/assets/index-CVmyMahP.js:3836
[ 2092709ms] The root document of this element is not valid for pointer lock.
[ 2281155ms] [WARNING] The AudioContext was not allowed to start. It must be resumed (or created) after a user gesture on the page. https://developer.chrome.com/blog/autoplay/#web_audio @ http://localhost:4173/assets/index-D3pp1gd6.js:3836
[ 2281155ms] [WARNING] The AudioContext was not allowed to start. It must be resumed (or created) after a user gesture on the page. https://developer.chrome.com/blog/autoplay/#web_audio @ http://localhost:4173/assets/index-D3pp1gd6.js:3836
[ 2281155ms] [WARNING] The AudioContext was not allowed to start. It must be resumed (or created) after a user gesture on the page. https://developer.chrome.com/blog/autoplay/#web_audio @ http://localhost:4173/assets/index-D3pp1gd6.js:3836
[ 2281156ms] [WARNING] The AudioContext was not allowed to start. It must be resumed (or created) after a user gesture on the page. https://developer.chrome.com/blog/autoplay/#web_audio @ http://localhost:4173/assets/index-D3pp1gd6.js:3836
[ 2281156ms] [WARNING] The AudioContext was not allowed to start. It must be resumed (or created) after a user gesture on the page. https://developer.chrome.com/blog/autoplay/#web_audio @ http://localhost:4173/assets/index-D3pp1gd6.js:3836
[ 2281156ms] [WARNING] The AudioContext was not allowed to start. It must be resumed (or created) after a user gesture on the page. https://developer.chrome.com/blog/autoplay/#web_audio @ http://localhost:4173/assets/index-D3pp1gd6.js:3836
[ 2281157ms] [WARNING] The AudioContext was not allowed to start. It must be resumed (or created) after a user gesture on the page. https://developer.chrome.com/blog/autoplay/#web_audio @ http://localhost:4173/assets/index-D3pp1gd6.js:3836
[ 2282993ms] The root document of this element is not valid for pointer lock.
[ 2514353ms] [WARNING] The AudioContext was not allowed to start. It must be resumed (or created) after a user gesture on the page. https://developer.chrome.com/blog/autoplay/#web_audio @ http://localhost:4173/assets/index-CBxddB8V.js:3836
[ 2514353ms] [WARNING] The AudioContext was not allowed to start. It must be resumed (or created) after a user gesture on the page. https://developer.chrome.com/blog/autoplay/#web_audio @ http://localhost:4173/assets/index-CBxddB8V.js:3836
[ 2514353ms] [WARNING] The AudioContext was not allowed to start. It must be resumed (or created) after a user gesture on the page. https://developer.chrome.com/blog/autoplay/#web_audio @ http://localhost:4173/assets/index-CBxddB8V.js:3836
[ 2514355ms] [WARNING] The AudioContext was not allowed to start. It must be resumed (or created) after a user gesture on the page. https://developer.chrome.com/blog/autoplay/#web_audio @ http://localhost:4173/assets/index-CBxddB8V.js:3836
[ 2514355ms] [WARNING] The AudioContext was not allowed to start. It must be resumed (or created) after a user gesture on the page. https://developer.chrome.com/blog/autoplay/#web_audio @ http://localhost:4173/assets/index-CBxddB8V.js:3836
[ 2514355ms] [WARNING] The AudioContext was not allowed to start. It must be resumed (or created) after a user gesture on the page. https://developer.chrome.com/blog/autoplay/#web_audio @ http://localhost:4173/assets/index-CBxddB8V.js:3836
[ 2514355ms] [WARNING] The AudioContext was not allowed to start. It must be resumed (or created) after a user gesture on the page. https://developer.chrome.com/blog/autoplay/#web_audio @ http://localhost:4173/assets/index-CBxddB8V.js:3836
[ 2516298ms] The root document of this element is not valid for pointer lock.
[ 2554198ms] [ERROR] Failed to load resource: the server responded with a status of 404 (Not Found) @ http://localhost:4173/assets/index-D30kjpkd.js:0
[ 2708534ms] [WARNING] The AudioContext was not allowed to start. It must be resumed (or created) after a user gesture on the page. https://developer.chrome.com/blog/autoplay/#web_audio @ http://localhost:4173/assets/index-e-SIayvx.js:3836
[ 2708534ms] [WARNING] The AudioContext was not allowed to start. It must be resumed (or created) after a user gesture on the page. https://developer.chrome.com/blog/autoplay/#web_audio @ http://localhost:4173/assets/index-e-SIayvx.js:3836
[ 2708534ms] [WARNING] The AudioContext was not allowed to start. It must be resumed (or created) after a user gesture on the page. https://developer.chrome.com/blog/autoplay/#web_audio @ http://localhost:4173/assets/index-e-SIayvx.js:3836
[ 2708536ms] [WARNING] The AudioContext was not allowed to start. It must be resumed (or created) after a user gesture on the page. https://developer.chrome.com/blog/autoplay/#web_audio @ http://localhost:4173/assets/index-e-SIayvx.js:3836
[ 2708536ms] [WARNING] The AudioContext was not allowed to start. It must be resumed (or created) after a user gesture on the page. https://developer.chrome.com/blog/autoplay/#web_audio @ http://localhost:4173/assets/index-e-SIayvx.js:3836
[ 2708536ms] [WARNING] The AudioContext was not allowed to start. It must be resumed (or created) after a user gesture on the page. https://developer.chrome.com/blog/autoplay/#web_audio @ http://localhost:4173/assets/index-e-SIayvx.js:3836
[ 2708536ms] [WARNING] The AudioContext was not allowed to start. It must be resumed (or created) after a user gesture on the page. https://developer.chrome.com/blog/autoplay/#web_audio @ http://localhost:4173/assets/index-e-SIayvx.js:3836
[ 2710045ms] The root document of this element is not valid for pointer lock.
[ 2858958ms] [WARNING] The AudioContext was not allowed to start. It must be resumed (or created) after a user gesture on the page. https://developer.chrome.com/blog/autoplay/#web_audio @ http://localhost:4173/assets/index-e-SIayvx.js:3836
[ 2858958ms] [WARNING] The AudioContext was not allowed to start. It must be resumed (or created) after a user gesture on the page. https://developer.chrome.com/blog/autoplay/#web_audio @ http://localhost:4173/assets/index-e-SIayvx.js:3836
[ 2858958ms] [WARNING] The AudioContext was not allowed to start. It must be resumed (or created) after a user gesture on the page. https://developer.chrome.com/blog/autoplay/#web_audio @ http://localhost:4173/assets/index-e-SIayvx.js:3836
[ 2858959ms] [WARNING] The AudioContext was not allowed to start. It must be resumed (or created) after a user gesture on the page. https://developer.chrome.com/blog/autoplay/#web_audio @ http://localhost:4173/assets/index-e-SIayvx.js:3836
[ 2858960ms] [WARNING] The AudioContext was not allowed to start. It must be resumed (or created) after a user gesture on the page. https://developer.chrome.com/blog/autoplay/#web_audio @ http://localhost:4173/assets/index-e-SIayvx.js:3836
[ 2858960ms] [WARNING] The AudioContext was not allowed to start. It must be resumed (or created) after a user gesture on the page. https://developer.chrome.com/blog/autoplay/#web_audio @ http://localhost:4173/assets/index-e-SIayvx.js:3836
[ 2858960ms] [WARNING] The AudioContext was not allowed to start. It must be resumed (or created) after a user gesture on the page. https://developer.chrome.com/blog/autoplay/#web_audio @ http://localhost:4173/assets/index-e-SIayvx.js:3836
[ 2860476ms] The root document of this element is not valid for pointer lock.
[ 3001050ms] [WARNING] The AudioContext was not allowed to start. It must be resumed (or created) after a user gesture on the page. https://developer.chrome.com/blog/autoplay/#web_audio @ http://localhost:4173/assets/index-e-SIayvx.js:3836
[ 3001050ms] [WARNING] The AudioContext was not allowed to start. It must be resumed (or created) after a user gesture on the page. https://developer.chrome.com/blog/autoplay/#web_audio @ http://localhost:4173/assets/index-e-SIayvx.js:3836
[ 3001050ms] [WARNING] The AudioContext was not allowed to start. It must be resumed (or created) after a user gesture on the page. https://developer.chrome.com/blog/autoplay/#web_audio @ http://localhost:4173/assets/index-e-SIayvx.js:3836
[ 3001052ms] [WARNING] The AudioContext was not allowed to start. It must be resumed (or created) after a user gesture on the page. https://developer.chrome.com/blog/autoplay/#web_audio @ http://localhost:4173/assets/index-e-SIayvx.js:3836
[ 3001052ms] [WARNING] The AudioContext was not allowed to start. It must be resumed (or created) after a user gesture on the page. https://developer.chrome.com/blog/autoplay/#web_audio @ http://localhost:4173/assets/index-e-SIayvx.js:3836
[ 3001052ms] [WARNING] The AudioContext was not allowed to start. It must be resumed (or created) after a user gesture on the page. https://developer.chrome.com/blog/autoplay/#web_audio @ http://localhost:4173/assets/index-e-SIayvx.js:3836
[ 3001052ms] [WARNING] The AudioContext was not allowed to start. It must be resumed (or created) after a user gesture on the page. https://developer.chrome.com/blog/autoplay/#web_audio @ http://localhost:4173/assets/index-e-SIayvx.js:3836
[ 3002468ms] The root document of this element is not valid for pointer lock.
[ 3854361ms] [WARNING] The AudioContext was not allowed to start. It must be resumed (or created) after a user gesture on the page. https://developer.chrome.com/blog/autoplay/#web_audio @ http://localhost:4173/assets/index-e-SIayvx.js:3836
[ 3854362ms] [WARNING] The AudioContext was not allowed to start. It must be resumed (or created) after a user gesture on the page. https://developer.chrome.com/blog/autoplay/#web_audio @ http://localhost:4173/assets/index-e-SIayvx.js:3836
[ 3854363ms] [WARNING] The AudioContext was not allowed to start. It must be resumed (or created) after a user gesture on the page. https://developer.chrome.com/blog/autoplay/#web_audio @ http://localhost:4173/assets/index-e-SIayvx.js:3836
[ 3854364ms] [WARNING] The AudioContext was not allowed to start. It must be resumed (or created) after a user gesture on the page. https://developer.chrome.com/blog/autoplay/#web_audio @ http://localhost:4173/assets/index-e-SIayvx.js:3836
[ 3854364ms] [WARNING] The AudioContext was not allowed to start. It must be resumed (or created) after a user gesture on the page. https://developer.chrome.com/blog/autoplay/#web_audio @ http://localhost:4173/assets/index-e-SIayvx.js:3836
[ 3854364ms] [WARNING] The AudioContext was not allowed to start. It must be resumed (or created) after a user gesture on the page. https://developer.chrome.com/blog/autoplay/#web_audio @ http://localhost:4173/assets/index-e-SIayvx.js:3836
[ 3854364ms] [WARNING] The AudioContext was not allowed to start. It must be resumed (or created) after a user gesture on the page. https://developer.chrome.com/blog/autoplay/#web_audio @ http://localhost:4173/assets/index-e-SIayvx.js:3836
[ 3857112ms] The root document of this element is not valid for pointer lock.
